C51 COMPILER V9.54   PROGRAM1                                                              10/17/2023 15:00:25 PAGE 1   


C51 COMPILER V9.54, COMPILATION OF MODULE PROGRAM1
OBJECT MODULE PLACED IN .\Objects\program1.obj
COMPILER INVOKED BY: C:\Keil5_C51\C51\BIN\C51.EXE ..\秒表\program1.c OPTIMIZE(8,SPEED) BROWSE DEBUG OBJECTEXTEND PRINT(.
                    -\Listings\program1.lst) TABS(2) OBJECT(.\Objects\program1.obj)

line level    source

   1          #include<reg52.h>
   2          #define uint unsigned int
   3          #define uchar unsigned char
   4          
   5          sbit dula=P2^6;
   6          sbit wela=P2^7;
   7          
   8          uchar code table[] = {0x3f, 0x06, 0x5b, 0x4f, 0x66, 0x6d, 0x7d, 0x07, 0x7f, 0x6f};
   9          uchar temp;
  10          uint num;
  11          
  12          void delay(uint z) {
  13   1          uint x,y;
  14   1          for(x=z; x>0; x--)
  15   1              for(y=110; y>0; y--);
  16   1      }
  17          
  18          // ??_crol_??
  19          uchar _crol_ (uchar data, uchar cnt) {
*** ERROR C141 IN LINE 19 OF ..\秒表\program1.c: syntax error near ','
  20   1          cnt %= 8;
  21   1          while (cnt--) {
  22   2              if ((data & 0x80) != 0) {
*** ERROR C141 IN LINE 22 OF ..\秒表\program1.c: syntax error near '&'
*** ERROR C141 IN LINE 22 OF ..\秒表\program1.c: syntax error near '!='
*** ERROR C141 IN LINE 22 OF ..\秒表\program1.c: syntax error near ')'
  23   3                  data <<= 1;
*** ERROR C141 IN LINE 23 OF ..\秒表\program1.c: syntax error near '<<='
  24   3                  data |= 1;
*** ERROR C141 IN LINE 24 OF ..\秒表\program1.c: syntax error near 'data'
  25   3              } else {
*** ERROR C141 IN LINE 25 OF ..\秒表\program1.c: syntax error near 'else'
  26   3                  data <<= 1;
*** ERROR C141 IN LINE 26 OF ..\秒表\program1.c: syntax error near '<<='
  27   3              }
  28   2          }
  29   1          return data;
*** ERROR C141 IN LINE 29 OF ..\秒表\program1.c: syntax error near 'data', expected ';'
  30   1      }
  31          
  32          void display_number(uint number) {
  33   1          uint a[3];
  34   1          uchar code b[] = {0xdf, 0xef, 0xf7};
  35   1          uint i;
  36   1          dula=0;
  37   1          wela=0;
  38   1      
  39   1          a[2] = number/100;
  40   1          a[1] = (number%100)/10;
  41   1          a[0] = (number%100)%10;
  42   1      
  43   1          if(a[2]==0 && a[1]==0)
  44   1              num=1;
  45   1          else if(a[2]==0 && a[1]!=0)
C51 COMPILER V9.54   PROGRAM1                                                              10/17/2023 15:00:25 PAGE 2   

  46   1              num=2;
  47   1          else
  48   1              num=3;
  49   1      
  50   1          wela=1;
  51   1          i=num;
  52   1          wela=0;
  53   1          temp=b[i-1];
  54   1      
  55   1          while(1) {
  56   2              wela=1;
  57   2              P0=temp;
  58   2              wela=0;
  59   2              P0=0xff;
  60   2      
  61   2              dula=1;
  62   2              P0=table[a[i-1]];
  63   2              dula=0;
  64   2      
  65   2              delay(5);
  66   2      
  67   2              if(i>1)
  68   2                  i--;
  69   2              else
  70   2                  i=num;
  71   2      
  72   2              if(temp!=0xdf)
  73   2                  temp=_crol_(temp, 1);
*** ERROR C208 IN LINE 73 OF ..\秒表\program1.c: '__crol_': too many actual parameters
  74   2              else
  75   2                  temp=b[i-1];
  76   2      
  77   2              P0=0xff;
  78   2          }
  79   1      }
  80          
  81          void main() {
  82   1          uint number = 128;
  83   1          display_number(number);
  84   1      }

C51 COMPILATION COMPLETE.  0 WARNING(S),  10 ERROR(S)
